Populated: words;
Empty: ;
Unset: Env variable not set: __NO_SUCH_VAR
