No args: 0 '' - done
One arg: 1 one - done
Getting name in a string: 1 The\ name\ is\ Willy - done
Reverse this: edcba
