Partial:

line 1
line 2

Indented:

    line 1
    line 2
