cat: partial-missing.partial: No such file or directory
